// Jest Snapshot v1, https://goo.gl/fbAQLP

exports[`MyLinkGroup/1 1`] = `
<div
  className="MyLinkGroup"
>
  <ul
    className="MyLinkGroup"
  >
    <li>
      hello
    </li>
    <li>
      hello
    </li>
  </ul>
</div>
`;
