// Jest Snapshot v1, https://goo.gl/fbAQLP

exports[`MyMenuBody/1 1`] = `
<div
  className="MyMenuBody"
>
  <div>
    ABC
  </div>
  <div>
    ABC
  </div>
</div>
`;
