// Jest Snapshot v1, https://goo.gl/fbAQLP

exports[`MyMenuBars/1 1`] = `
<button
  className="MyMenuBars fa fa-bars"
  onClick={[Function]}
/>
`;
