// Jest Snapshot v1, https://goo.gl/fbAQLP

exports[`MyMenuGroupCard/1 1`] = `
<div
  className="MyMenuGroupCard"
>
  <div>
    ABC
  </div>
  <div>
    ABC
  </div>
</div>
`;
