// Jest Snapshot v1, https://goo.gl/fbAQLP

exports[`MyMenuGroupHeader/1 1`] = `
<h2
  className="MyMenuGroupHeader"
>
  Hello Data
</h2>
`;
